{ "timezone":"UTC","session_uuid":"5058cce5-f13c-4cd3-bc0c-1604f27dbb4b","session_time":"2020-06-25T08:47:27+00:00",
  "session_id":7894, "last_executed_session_time":"", "next_session_time":"2020-06-26T00:00:00+00:00",
  "project_id":180,"attempt_id":8667,"task_name":"+test2+t1" }
